
======================================================================
  Sub-window: 1820-1913
======================================================================
  d_aug = 40, N = 612
  Pooled X_- singular values (top 10): 95.34, 70.22, 53.60, 30.10, 28.77, 26.90, 25.87, 25.51, 25.46, 23.96
  Gavish-Donoho threshold: 13.9205
  GD-implied effective rank: 16

  CV-searching ranks in 2..21
  CV-selected rank r* (one-step RMSE, LOO over countries): 2
  CV RMSE curve (top 12 ranks shown):
    r=  2  RMSE = 0.176885  <-- selected
    r=  3  RMSE = 0.247295
    r=  4  RMSE = 0.437774
    r=  5  RMSE = 0.396922
    r=  6  RMSE = 0.401514
    r=  7  RMSE = 0.430320
    r=  8  RMSE = 0.419551
    r=  9  RMSE = 0.376303
    r= 10  RMSE = 0.364128
    r= 11  RMSE = 0.333696
    r= 12  RMSE = 0.339864
    r= 13  RMSE = 0.323715
    ... (8 more)
  Top-3 ranks by CV RMSE: r=2 (0.176885), r=3 (0.247295), r=21 (0.273063)

  canonical DMD @ GD rank:  (r = 16)
    spectrum extreme: max |λ| = 0.9936, #|λ|>1 = 0 of 16
    persistence threshold 0.989 — modes meeting it: 2
    K from spectral gap: 15 (gap factor = 1.76)
    all |λ|: 0.9936, 0.9936, 0.9104, 0.7837, 0.7837, 0.7836, 0.7819, 0.7819, 0.7659, 0.7655, 0.7655, 0.6513, 0.6513, 0.5586, 0.5586, 0.3179
    oscillatory modes (period in years, sorted by |λ|):
      |λ|=0.9936  T=1835.91y  λ=+0.9936+0.0034j
      |λ|=0.7837  T=   7.15y  λ=+0.5003+0.6032j
      |λ|=0.7819  T=   2.54y  λ=-0.6137+0.4844j
      |λ|=0.7655  T=   2.89y  λ=-0.4339+0.6306j
      |λ|=0.6513  T=   7.70y  λ=+0.4461+0.4745j
      |λ|=0.5586  T=   4.62y  λ=+0.1171+0.5461j

  canonical DMD @ CV rank:  (r = 2)
    spectrum extreme: max |λ| = 0.9973, #|λ|>1 = 0 of 2
    persistence threshold 0.989 — modes meeting it: 2
    no spectral gap >= 1.5; max gap factor = 1.00
    all |λ|: 0.9973, 0.9973
    oscillatory modes (period in years, sorted by |λ|):
      |λ|=0.9973  T=3253.10y  λ=+0.9973+0.0019j

  TLS-DMD (Hemati 2017):  (r = 3)
    spectrum extreme: max |λ| = 0.9930, #|λ|>1 = 0 of 3
    persistence threshold 0.989 — modes meeting it: 2
    no spectral gap >= 1.5; max gap factor = 1.00
    all |λ|: 0.9930, 0.9930, 0.9889
    oscillatory modes (period in years, sorted by |λ|):
      |λ|=0.9930  T= 930.50y  λ=+0.9929+0.0067j

  forward-backward:  (r = 16)
    spectrum extreme: max |λ| = 2.0351, #|λ|>1 = 8 of 16
    persistence threshold 0.989 — modes meeting it: 11
    K from spectral gap: 14 (gap factor = 1.87)
    all |λ|: 2.0351, 2.0351, 1.2008, 1.0220, 1.0220, 1.0126, 1.0126, 1.0037, 0.9987, 0.9987, 0.9943, 0.9671, 0.9671, 0.8924, 0.4772, 0.4772
    oscillatory modes (period in years, sorted by |λ|):
      |λ|=2.0351  T=   8.11y  λ=+1.4540+1.4240j
      |λ|=1.0220  T=   5.25y  λ=+0.3743+0.9510j
      |λ|=1.0126  T=   6.92y  λ=+0.6232+0.7981j
      |λ|=0.9987  T=  11.54y  λ=+0.8543+0.5172j
      |λ|=0.9671  T=  25.40y  λ=+0.9377+0.2368j
      |λ|=0.4772  T=   6.93y  λ=+0.2943+0.3756j

======================================================================
  Sub-window: 1945-2020
======================================================================
  d_aug = 40, N = 494
  Pooled X_- singular values (top 10): 89.97, 58.21, 45.49, 23.77, 22.97, 17.81, 14.23, 13.79, 13.18, 12.29
  Gavish-Donoho threshold: 8.4228
  GD-implied effective rank: 15

  CV-searching ranks in 2..20
  CV-selected rank r* (one-step RMSE, LOO over countries): 20
  CV RMSE curve (top 12 ranks shown):
    r=  2  RMSE = 0.229177
    r=  3  RMSE = 0.276938
    r=  4  RMSE = 0.319947
    r=  5  RMSE = 0.373430
    r=  6  RMSE = 0.340215
    r=  7  RMSE = 0.319057
    r=  8  RMSE = 0.307184
    r=  9  RMSE = 0.282162
    r= 10  RMSE = 0.261019
    r= 11  RMSE = 0.260687
    r= 12  RMSE = 0.235888
    r= 13  RMSE = 0.224714
    ... (7 more)
  Top-3 ranks by CV RMSE: r=20 (0.170077), r=19 (0.174183), r=17 (0.182195)

  canonical DMD @ GD rank:  (r = 15)
    spectrum extreme: max |λ| = 0.9703, #|λ|>1 = 0 of 15
    persistence threshold 0.987 — modes meeting it: 0
    K from spectral gap: 14 (gap factor = 1.80)
    all |λ|: 0.9703, 0.9537, 0.9537, 0.8842, 0.8286, 0.8286, 0.7408, 0.7408, 0.6928, 0.6928, 0.6559, 0.6559, 0.5347, 0.5347, 0.2970
    oscillatory modes (period in years, sorted by |λ|):
      |λ|=0.9537  T= 123.75y  λ=+0.9525+0.0484j
      |λ|=0.8286  T=  33.21y  λ=+0.8138+0.1558j
      |λ|=0.7408  T=   8.92y  λ=+0.5645+0.4798j
      |λ|=0.6928  T=   5.73y  λ=+0.3159+0.6166j
      |λ|=0.6559  T=   3.33y  λ=-0.2027+0.6238j
      |λ|=0.5347  T=   2.20y  λ=-0.5133+0.1497j

  canonical DMD @ CV rank:  (r = 20)
    spectrum extreme: max |λ| = 0.9886, #|λ|>1 = 0 of 20
    persistence threshold 0.987 — modes meeting it: 1
    no spectral gap >= 1.5; max gap factor = 1.18
    all |λ|: 0.9886, 0.9584, 0.9198, 0.9198, 0.8746, 0.8746, 0.7975, 0.7975, 0.7437, 0.7437, 0.7114, 0.7037, 0.7037, 0.6935, 0.6660, 0.6660, 0.6465, 0.6465, 0.5489, 0.5489
    oscillatory modes (period in years, sorted by |λ|):
      |λ|=0.9198  T= 267.07y  λ=+0.9195+0.0216j
      |λ|=0.8746  T=  24.55y  λ=+0.8462+0.2214j
      |λ|=0.7975  T=  13.55y  λ=+0.7132+0.3568j
      |λ|=0.7437  T=   4.63y  λ=+0.1576+0.7268j
      |λ|=0.7037  T=   5.49y  λ=+0.2906+0.6409j
      |λ|=0.6660  T=  17.02y  λ=+0.6211+0.2403j
      |λ|=0.6465  T=   3.25y  λ=-0.2277+0.6051j
      |λ|=0.5489  T=   2.25y  λ=-0.5168+0.1849j

  TLS-DMD (Hemati 2017):  (r = 6)
    spectrum extreme: max |λ| = 0.9813, #|λ|>1 = 0 of 6
    persistence threshold 0.987 — modes meeting it: 0
    K from spectral gap: 5 (gap factor = 2.13)
    all |λ|: 0.9813, 0.9667, 0.9653, 0.9359, 0.9359, 0.4397
    oscillatory modes (period in years, sorted by |λ|):
      |λ|=0.9359  T=  25.74y  λ=+0.9082+0.2262j

  forward-backward:  (r = 15)
    spectrum extreme: max |λ| = 1.6300, #|λ|>1 = 4 of 15
    persistence threshold 0.987 — modes meeting it: 8
    no spectral gap >= 1.5; max gap factor = 1.35
    all |λ|: 1.6300, 1.6300, 1.2116, 1.1234, 0.9882, 0.9882, 0.9873, 0.9873, 0.9867, 0.9679, 0.9443, 0.8991, 0.6656, 0.5355, 0.5355
    oscillatory modes (period in years, sorted by |λ|):
      |λ|=1.6300  T=   6.54y  λ=+0.9329+1.3366j
      |λ|=1.1234  T=   4.00y  λ=+0.0000+1.1234j
      |λ|=0.9882  T=  54.21y  λ=+0.9815+0.1143j
      |λ|=0.9873  T=  26.79y  λ=+0.9602+0.2295j
      |λ|=0.9443  T=   4.00y  λ=-0.0000+0.9443j
      |λ|=0.5355  T=   6.50y  λ=+0.3041+0.4408j


======================================================================
  HEADLINE — canonical DMD pipeline
======================================================================
  1820-1913: max |λ| = 0.9936, persistent = 2, K = 15, r = 16, gap factor = 1.76
  1945-2020: max |λ| = 0.9703, persistent = 0, K = 14, r = 15, gap factor = 1.80
